Archive member included to satisfy reference by file (symbol)

/usr/lib/gcc/arm-none-eabi/9.2.1/thumb/v6-m/nofp/libgcc.a(_dvmd_tls.o)
                              CMakeFiles/test.dir/home/thomas/Pico/pico-sdk/src/rp2_common/pico_divider/divider.S.obj (__aeabi_idiv0)
/usr/lib/gcc/arm-none-eabi/9.2.1/../../../arm-none-eabi/lib/thumb/v6-m/nofp/libc.a(lib_a-atexit.o)
                              /usr/lib/gcc/arm-none-eabi/9.2.1/../../../arm-none-eabi/lib/thumb/v6-m/nofp/crt0.o (atexit)
/usr/lib/gcc/arm-none-eabi/9.2.1/../../../arm-none-eabi/lib/thumb/v6-m/nofp/libc.a(lib_a-calloc.o)
                              CMakeFiles/test.dir/home/thomas/Pico/pico-sdk/src/rp2_common/pico_malloc/pico_malloc.c.obj (calloc)
/usr/lib/gcc/arm-none-eabi/9.2.1/../../../arm-none-eabi/lib/thumb/v6-m/nofp/libc.a(lib_a-callocr.o)
                              /usr/lib/gcc/arm-none-eabi/9.2.1/../../../arm-none-eabi/lib/thumb/v6-m/nofp/libc.a(lib_a-calloc.o) (_calloc_r)
/usr/lib/gcc/arm-none-eabi/9.2.1/../../../arm-none-eabi/lib/thumb/v6-m/nofp/libc.a(lib_a-fini.o)
                              /usr/lib/gcc/arm-none-eabi/9.2.1/../../../arm-none-eabi/lib/thumb/v6-m/nofp/crt0.o (__libc_fini_array)
/usr/lib/gcc/arm-none-eabi/9.2.1/../../../arm-none-eabi/lib/thumb/v6-m/nofp/libc.a(lib_a-impure.o)
                              /usr/lib/gcc/arm-none-eabi/9.2.1/../../../arm-none-eabi/lib/thumb/v6-m/nofp/libc.a(lib_a-calloc.o) (_impure_ptr)
/usr/lib/gcc/arm-none-eabi/9.2.1/../../../arm-none-eabi/lib/thumb/v6-m/nofp/libc.a(lib_a-init.o)
                              /usr/lib/gcc/arm-none-eabi/9.2.1/../../../arm-none-eabi/lib/thumb/v6-m/nofp/crt0.o (__libc_init_array)
/usr/lib/gcc/arm-none-eabi/9.2.1/../../../arm-none-eabi/lib/thumb/v6-m/nofp/libc.a(lib_a-malloc.o)
                              CMakeFiles/test.dir/home/thomas/Pico/pico-sdk/src/rp2_common/pico_malloc/pico_malloc.c.obj (malloc)
/usr/lib/gcc/arm-none-eabi/9.2.1/../../../arm-none-eabi/lib/thumb/v6-m/nofp/libc.a(lib_a-mallocr.o)
                              /usr/lib/gcc/arm-none-eabi/9.2.1/../../../arm-none-eabi/lib/thumb/v6-m/nofp/libc.a(lib_a-callocr.o) (_malloc_r)
/usr/lib/gcc/arm-none-eabi/9.2.1/../../../arm-none-eabi/lib/thumb/v6-m/nofp/libc.a(lib_a-mlock.o)
                              /usr/lib/gcc/arm-none-eabi/9.2.1/../../../arm-none-eabi/lib/thumb/v6-m/nofp/libc.a(lib_a-mallocr.o) (__malloc_lock)
/usr/lib/gcc/arm-none-eabi/9.2.1/../../../arm-none-eabi/lib/thumb/v6-m/nofp/libc.a(lib_a-rand.o)
                              CMakeFiles/test.dir/test.c.obj (rand)
/usr/lib/gcc/arm-none-eabi/9.2.1/../../../arm-none-eabi/lib/thumb/v6-m/nofp/libc.a(lib_a-sbrkr.o)
                              /usr/lib/gcc/arm-none-eabi/9.2.1/../../../arm-none-eabi/lib/thumb/v6-m/nofp/libc.a(lib_a-mallocr.o) (_sbrk_r)
/usr/lib/gcc/arm-none-eabi/9.2.1/../../../arm-none-eabi/lib/thumb/v6-m/nofp/libc.a(lib_a-strlen-stub.o)
                              CMakeFiles/test.dir/home/thomas/Pico/pico-sdk/src/rp2_common/pico_stdio/stdio.c.obj (strlen)
/usr/lib/gcc/arm-none-eabi/9.2.1/../../../arm-none-eabi/lib/thumb/v6-m/nofp/libc.a(lib_a-__atexit.o)
                              /usr/lib/gcc/arm-none-eabi/9.2.1/../../../arm-none-eabi/lib/thumb/v6-m/nofp/libc.a(lib_a-atexit.o) (__register_exitproc)
/usr/lib/gcc/arm-none-eabi/9.2.1/../../../arm-none-eabi/lib/thumb/v6-m/nofp/libc.a(lib_a-freer.o)
                              /usr/lib/gcc/arm-none-eabi/9.2.1/../../../arm-none-eabi/lib/thumb/v6-m/nofp/libc.a(lib_a-malloc.o) (_free_r)
/usr/lib/gcc/arm-none-eabi/9.2.1/../../../arm-none-eabi/lib/thumb/v6-m/nofp/libc.a(lib_a-reent.o)
                              /usr/lib/gcc/arm-none-eabi/9.2.1/../../../arm-none-eabi/lib/thumb/v6-m/nofp/libc.a(lib_a-sbrkr.o) (errno)

Allocating common symbols
Common symbol       size              file

sf_table            0x100             CMakeFiles/test.dir/home/thomas/Pico/pico-sdk/src/rp2_common/pico_float/float_init_rom.c.obj
errno               0x4               /usr/lib/gcc/arm-none-eabi/9.2.1/../../../arm-none-eabi/lib/thumb/v6-m/nofp/libc.a(lib_a-reent.o)
sd_table            0x100             CMakeFiles/test.dir/home/thomas/Pico/pico-sdk/src/rp2_common/pico_double/double_init_rom.c.obj
uart_char_to_line_feed
                    0x4               CMakeFiles/test.dir/home/thomas/Pico/pico-sdk/src/rp2_common/hardware_uart/uart.c.obj

Discarded input sections

 .text          0x0000000000000000        0x0 /usr/lib/gcc/arm-none-eabi/9.2.1/thumb/v6-m/nofp/crti.o
 .data          0x0000000000000000        0x0 /usr/lib/gcc/arm-none-eabi/9.2.1/thumb/v6-m/nofp/crti.o
 .bss           0x0000000000000000        0x0 /usr/lib/gcc/arm-none-eabi/9.2.1/thumb/v6-m/nofp/crti.o
 .data          0x0000000000000000        0x4 /usr/lib/gcc/arm-none-eabi/9.2.1/thumb/v6-m/nofp/crtbegin.o
 .fini_array    0x0000000000000000        0x4 /usr/lib/gcc/arm-none-eabi/9.2.1/thumb/v6-m/nofp/crtbegin.o
[...]
Memory Configuration

Name             Origin             Length             Attributes
FLASH            0x0000000010000000 0x0000000000200000 xr
RAM              0x0000000020000000 0x0000000000040000 xrw
SCRATCH_X        0x0000000020040000 0x0000000000001000 xrw
SCRATCH_Y        0x0000000020041000 0x0000000000001000 xrw
*default*        0x0000000000000000 0xffffffffffffffff

Linker script and memory map

LOAD /usr/lib/gcc/arm-none-eabi/9.2.1/thumb/v6-m/nofp/crti.o
LOAD /usr/lib/gcc/arm-none-eabi/9.2.1/thumb/v6-m/nofp/crtbegin.o
LOAD /usr/lib/gcc/arm-none-eabi/9.2.1/../../../arm-none-eabi/lib/thumb/v6-m/nofp/crt0.o

.flash_begin    0x0000000010000000        0x0
                0x0000000010000000                __flash_binary_start = .

.boot2          0x0000000010000000      0x100
                0x0000000010000000                __boot2_start__ = .
 *(.boot2)
 .boot2         0x0000000010000000      0x100 /tmp/ccRnLRxQ.o
                0x0000000010000100                __boot2_end__ = .
                0x0000000000000001                ASSERT (((__boot2_end__ - __boot2_start__) == 0x100), ERROR: Pico second stage bootloader must be 256 bytes in size)

.text           0x0000000010000100     0x4760
                0x0000000010000100                __logical_binary_start = .
 *(.vectors)
 .vectors       0x0000000010000100       0xd4 CMakeFiles/test.dir/home/thomas/Pico/pico-sdk/src/rp2_common/pico_standard_link/crt0.S.obj
                0x0000000010000100                __vectors
                0x0000000010000100                __VECTOR_TABLE
                0x00000000100001c0                isr_invalid
                0x00000000100001c0                __default_isrs_start
                0x00000000100001c2                isr_nmi
                0x00000000100001c4                isr_hardfault
                0x00000000100001c6                isr_svcall
                0x00000000100001c8                isr_pendsv
                0x00000000100001ca                isr_systick
                0x00000000100001cc                isr_irq30
                0x00000000100001cc                __unhandled_user_irq
                0x00000000100001cc                isr_irq13
                0x00000000100001cc                isr_irq27
                0x00000000100001cc                isr_irq31
                0x00000000100001cc                isr_irq5
                0x00000000100001cc                isr_irq11
                0x00000000100001cc                isr_irq23
                0x00000000100001cc                isr_irq18
                0x00000000100001cc                isr_irq28
                0x00000000100001cc                isr_irq19
                0x00000000100001cc                isr_irq0
                0x00000000100001cc                isr_irq6
                0x00000000100001cc                isr_irq22
                0x00000000100001cc                isr_irq17
                0x00000000100001cc                isr_irq14
                0x00000000100001cc                isr_irq2
                0x00000000100001cc                isr_irq10
                0x00000000100001cc                isr_irq8
                0x00000000100001cc                isr_irq24
                0x00000000100001cc                isr_irq1
                0x00000000100001cc                isr_irq7
                0x00000000100001cc                isr_irq21
                0x00000000100001cc                isr_irq20
                0x00000000100001cc                isr_irq15
                0x00000000100001cc                isr_irq25
                0x00000000100001cc                isr_irq4
                0x00000000100001cc                isr_irq16
                0x00000000100001cc                isr_irq29
                0x00000000100001cc                isr_irq26
                0x00000000100001cc                __default_isrs_end
                0x00000000100001cc                isr_irq3
                0x00000000100001cc                isr_irq12
                0x00000000100001cc                isr_irq9
                0x00000000100001d2                unhandled_user_irq_num_in_r0
 *(.binary_info_header)
 .binary_info_header
                0x00000000100001d4       0x14 CMakeFiles/test.dir/home/thomas/Pico/pico-sdk/src/rp2_common/pico_standard_link/crt0.S.obj
                0x00000000100001e8                __binary_info_header_end = .
 *(.reset)
 .reset         0x00000000100001e8       0xa8 CMakeFiles/test.dir/home/thomas/Pico/pico-sdk/src/rp2_common/pico_standard_link/crt0.S.obj
                0x00000000100001e8                _entry_point
                0x0000000010000266                __get_current_exception
 .reset         0x0000000010000290       0x30 CMakeFiles/test.dir/home/thomas/Pico/pico-sdk/src/rp2_common/pico_standard_link/binary_info.c.obj
 *(.init)
 .init          0x00000000100002c0        0x4 /usr/lib/gcc/arm-none-eabi/9.2.1/thumb/v6-m/nofp/crti.o
                0x00000000100002c0                _init
 *(EXCLUDE_FILE(*libm.a: *libc.a:*lib_a-mem*.o *libgcc.a:) .text*)
 .text          0x00000000100002c4       0x98 /usr/lib/gcc/arm-none-eabi/9.2.1/thumb/v6-m/nofp/crtbegin.o
 .text.test     0x000000001000035c       0xc8 CMakeFiles/test.dir/test.c.obj
                0x000000001000035c                test
 .text.startup.main
                0x0000000010000424       0xcc CMakeFiles/test.dir/test.c.obj
                0x0000000010000424                main
 .text.gpio_set_function
                0x00000000100004f0       0x30 CMakeFiles/test.dir/home/thomas/Pico/pico-sdk/src/rp2_common/hardware_gpio/gpio.c.obj
                0x00000000100004f0                gpio_set_function
 .text.gpio_set_outover
                0x0000000010000520       0x24 CMakeFiles/test.dir/home/thomas/Pico/pico-sdk/src/rp2_common/hardware_gpio/gpio.c.obj
                0x0000000010000520                gpio_set_outover
 .text.hw_claim_lock
                0x0000000010000544       0x18 CMakeFiles/test.dir/home/thomas/Pico/pico-sdk/src/rp2_common/hardware_claim/claim.c.obj
                0x0000000010000544                hw_claim_lock
 .text.hw_claim_unlock
                0x000000001000055c       0x14 CMakeFiles/test.dir/home/thomas/Pico/pico-sdk/src/rp2_common/hardware_claim/claim.c.obj
                0x000000001000055c                hw_claim_unlock
 .text.hw_claim_or_assert
                0x0000000010000570       0x48 CMakeFiles/test.dir/home/thomas/Pico/pico-sdk/src/rp2_common/hardware_claim/claim.c.obj
                0x0000000010000570                hw_claim_or_assert
 .text.running_on_fpga
                0x00000000100005b8       0x10 CMakeFiles/test.dir/home/thomas/Pico/pico-sdk/src/rp2_common/pico_platform/platform.c.obj
                0x00000000100005b8                running_on_fpga
 .text.spin_locks_reset
                0x00000000100005c8       0x1c CMakeFiles/test.dir/home/thomas/Pico/pico-sdk/src/rp2_common/hardware_sync/sync.c.obj
                0x00000000100005c8                spin_locks_reset
 .text.next_striped_spin_lock_num
                0x00000000100005e4       0x18 CMakeFiles/test.dir/home/thomas/Pico/pico-sdk/src/rp2_common/hardware_sync/sync.c.obj
                0x00000000100005e4                next_striped_spin_lock_num
 .text.uart_init
                0x00000000100005fc       0xe4 CMakeFiles/test.dir/home/thomas/Pico/pico-sdk/src/rp2_common/hardware_uart/uart.c.obj
                0x00000000100005fc                uart_init
 .text.timer_pool_entry_comparator
                0x00000000100006e0       0x34 CMakeFiles/test.dir/home/thomas/Pico/pico-sdk/src/common/pico_time/time.c.obj
                0x00000000100006e0                timer_pool_entry_comparator
 .text.sleep_until_callback
                0x0000000010000714       0x30 CMakeFiles/test.dir/home/thomas/Pico/pico-sdk/src/common/pico_time/time.c.obj
 .text.alarm_pool_add_alarm_at.constprop.0
                0x0000000010000744      0x128 CMakeFiles/test.dir/home/thomas/Pico/pico-sdk/src/common/pico_time/time.c.obj
 .text.add_alarm_under_lock
                0x000000001000086c      0x108 CMakeFiles/test.dir/home/thomas/Pico/pico-sdk/src/common/pico_time/time.c.obj
 .text.alarm_pool_alarm_callback
                0x0000000010000974      0x1c8 CMakeFiles/test.dir/home/thomas/Pico/pico-sdk/src/common/pico_time/time.c.obj
 .text.alarm_pool_init_default
                0x0000000010000b3c       0x64 CMakeFiles/test.dir/home/thomas/Pico/pico-sdk/src/common/pico_time/time.c.obj
                0x0000000010000b3c                alarm_pool_init_default
 .text.sleep_until
                0x0000000010000ba0       0xac CMakeFiles/test.dir/home/thomas/Pico/pico-sdk/src/common/pico_time/time.c.obj
                0x0000000010000ba0                sleep_until
 .text.sleep_ms
                0x0000000010000c4c       0x38 CMakeFiles/test.dir/home/thomas/Pico/pico-sdk/src/common/pico_time/time.c.obj
                0x0000000010000c4c                sleep_ms
 .text.hardware_alarm_irq_handler
                0x0000000010000c84       0xb8 CMakeFiles/test.dir/home/thomas/Pico/pico-sdk/src/rp2_common/hardware_timer/timer.c.obj
 .text.hardware_alarm_claim
                0x0000000010000d3c       0x18 CMakeFiles/test.dir/home/thomas/Pico/pico-sdk/src/rp2_common/hardware_timer/timer.c.obj
                0x0000000010000d3c                hardware_alarm_claim
 .text.time_us_64
                0x0000000010000d54       0x14 CMakeFiles/test.dir/home/thomas/Pico/pico-sdk/src/rp2_common/hardware_timer/timer.c.obj
                0x0000000010000d54                time_us_64
 .text.busy_wait_until
                0x0000000010000d68       0x20 CMakeFiles/test.dir/home/thomas/Pico/pico-sdk/src/rp2_common/hardware_timer/timer.c.obj
                0x0000000010000d68                busy_wait_until
 .text.hardware_alarm_set_callback
                0x0000000010000d88       0x8c CMakeFiles/test.dir/home/thomas/Pico/pico-sdk/src/rp2_common/hardware_timer/timer.c.obj
                0x0000000010000d88                hardware_alarm_set_callback
 .text.hardware_alarm_set_target
                0x0000000010000e14       0xe4 CMakeFiles/test.dir/home/thomas/Pico/pico-sdk/src/rp2_common/hardware_timer/timer.c.obj
                0x0000000010000e14                hardware_alarm_set_target
 .text.hardware_alarm_cancel
                0x0000000010000ef8       0x40 CMakeFiles/test.dir/home/thomas/Pico/pico-sdk/src/rp2_common/hardware_timer/timer.c.obj
                0x0000000010000ef8                hardware_alarm_cancel
 .text.lock_init
                0x0000000010000f38       0x10 CMakeFiles/test.dir/home/thomas/Pico/pico-sdk/src/common/pico_sync/lock_core.c.obj
                0x0000000010000f38                lock_init
 .text.mutex_init
                0x0000000010000f48       0x1c CMakeFiles/test.dir/home/thomas/Pico/pico-sdk/src/common/pico_sync/mutex.c.obj
                0x0000000010000f48                mutex_init
 .text.recursive_mutex_init
                0x0000000010000f64       0x1c CMakeFiles/test.dir/home/thomas/Pico/pico-sdk/src/common/pico_sync/mutex.c.obj
                0x0000000010000f64                recursive_mutex_init
 .text.ph_merge_nodes
                0x0000000010000f80       0x68 CMakeFiles/test.dir/home/thomas/Pico/pico-sdk/src/common/pico_util/pheap.c.obj
 .text.ph_post_alloc_init
                0x0000000010000fe8       0x3c CMakeFiles/test.dir/home/thomas/Pico/pico-sdk/src/common/pico_util/pheap.c.obj
                0x0000000010000fe8                ph_post_alloc_init
 .text.ph_merge_two_pass
                0x0000000010001024       0x90 CMakeFiles/test.dir/home/thomas/Pico/pico-sdk/src/common/pico_util/pheap.c.obj
                0x0000000010001024                ph_merge_two_pass
 .text.ph_remove_any_head
                0x00000000100010b4       0xf8 CMakeFiles/test.dir/home/thomas/Pico/pico-sdk/src/common/pico_util/pheap.c.obj
 .text.ph_remove_head
                0x00000000100011ac      0x13c CMakeFiles/test.dir/home/thomas/Pico/pico-sdk/src/common/pico_util/pheap.c.obj
                0x00000000100011ac                ph_remove_head
 .text.ph_remove_and_free_node
                0x00000000100012e8       0x7c CMakeFiles/test.dir/home/thomas/Pico/pico-sdk/src/common/pico_util/pheap.c.obj
                0x00000000100012e8                ph_remove_and_free_node
 .text.runtime_init
                0x0000000010001364       0xf0 CMakeFiles/test.dir/home/thomas/Pico/pico-sdk/src/rp2_common/pico_runtime/runtime.c.obj
                0x0000000010001364                runtime_init
 .text.exit     0x0000000010001454        0x4 CMakeFiles/test.dir/home/thomas/Pico/pico-sdk/src/rp2_common/pico_runtime/runtime.c.obj
                0x0000000010001454                exit
 .text.panic    0x0000000010001458       0x30 CMakeFiles/test.dir/home/thomas/Pico/pico-sdk/src/rp2_common/pico_runtime/runtime.c.obj
                0x0000000010001458                panic
 .text.hard_assertion_failure
                0x0000000010001488        0xc CMakeFiles/test.dir/home/thomas/Pico/pico-sdk/src/rp2_common/pico_runtime/runtime.c.obj
                0x0000000010001488                hard_assertion_failure
 .text.clocks_init
                0x0000000010001494      0x2bc CMakeFiles/test.dir/home/thomas/Pico/pico-sdk/src/rp2_common/hardware_clocks/clocks.c.obj
                0x0000000010001494                clocks_init
 .text.clock_get_hz
                0x0000000010001750        0xc CMakeFiles/test.dir/home/thomas/Pico/pico-sdk/src/rp2_common/hardware_clocks/clocks.c.obj
                0x0000000010001750                clock_get_hz
 .text.irq_set_enabled
                0x000000001000175c       0x24 CMakeFiles/test.dir/home/thomas/Pico/pico-sdk/src/rp2_common/hardware_irq/irq.c.obj
                0x000000001000175c                irq_set_enabled
 .text.irq_get_vtable_handler
                0x0000000010001780       0x10 CMakeFiles/test.dir/home/thomas/Pico/pico-sdk/src/rp2_common/hardware_irq/irq.c.obj
                0x0000000010001780                irq_get_vtable_handler
 .text.irq_set_exclusive_handler
                0x0000000010001790       0x54 CMakeFiles/test.dir/home/thomas/Pico/pico-sdk/src/rp2_common/hardware_irq/irq.c.obj
                0x0000000010001790                irq_set_exclusive_handler
 .text.irq_remove_handler
                0x00000000100017e4      0x1b8 CMakeFiles/test.dir/home/thomas/Pico/pico-sdk/src/rp2_common/hardware_irq/irq.c.obj
                0x00000000100017e4                irq_remove_handler
 .text.irq_add_tail_to_free_list
                0x000000001000199c       0xb8 CMakeFiles/test.dir/home/thomas/Pico/pico-sdk/src/rp2_common/hardware_irq/irq.c.obj
                0x000000001000199c                irq_add_tail_to_free_list
 .text.irq_init_priorities
                0x0000000010001a54       0x24 CMakeFiles/test.dir/home/thomas/Pico/pico-sdk/src/rp2_common/hardware_irq/irq.c.obj
                0x0000000010001a54                irq_init_priorities
 .text.pll_init
                0x0000000010001a78       0xa4 CMakeFiles/test.dir/home/thomas/Pico/pico-sdk/src/rp2_common/hardware_pll/pll.c.obj
                0x0000000010001a78                pll_init
 .text.watchdog_start_tick
                0x0000000010001b1c       0x10 CMakeFiles/test.dir/home/thomas/Pico/pico-sdk/src/rp2_common/hardware_watchdog/watchdog.c.obj
                0x0000000010001b1c                watchdog_start_tick
 .text.xosc_init
                0x0000000010001b2c       0x28 CMakeFiles/test.dir/home/thomas/Pico/pico-sdk/src/rp2_common/hardware_xosc/xosc.c.obj
                0x0000000010001b2c                xosc_init
 .text._out_null
                0x0000000010001b54        0x4 CMakeFiles/test.dir/home/thomas/Pico/pico-sdk/src/rp2_common/pico_printf/printf.c.obj
 .text._out_rev
                0x0000000010001b58       0xd0 CMakeFiles/test.dir/home/thomas/Pico/pico-sdk/src/rp2_common/pico_printf/printf.c.obj
 .text._ntoa_format
                0x0000000010001c28      0x1d0 CMakeFiles/test.dir/home/thomas/Pico/pico-sdk/src/rp2_common/pico_printf/printf.c.obj
 .text._out_char
                0x0000000010001df8       0x10 CMakeFiles/test.dir/home/thomas/Pico/pico-sdk/src/rp2_common/pico_printf/printf.c.obj
 .text._out_fct
                0x0000000010001e08       0x10 CMakeFiles/test.dir/home/thomas/Pico/pico-sdk/src/rp2_common/pico_printf/printf.c.obj
 .text._etoa    0x0000000010001e18      0x478 CMakeFiles/test.dir/home/thomas/Pico/pico-sdk/src/rp2_common/pico_printf/printf.c.obj
 .text._ftoa    0x0000000010002290      0x3e0 CMakeFiles/test.dir/home/thomas/Pico/pico-sdk/src/rp2_common/pico_printf/printf.c.obj
 .text._vsnprintf
                0x0000000010002670      0xb08 CMakeFiles/test.dir/home/thomas/Pico/pico-sdk/src/rp2_common/pico_printf/printf.c.obj
 .text.vfctprintf
                0x0000000010003178       0x20 CMakeFiles/test.dir/home/thomas/Pico/pico-sdk/src/rp2_common/pico_printf/printf.c.obj
                0x0000000010003178                vfctprintf
 .text.weak_raw_vprintf
                0x0000000010003198       0x30 CMakeFiles/test.dir/home/thomas/Pico/pico-sdk/src/rp2_common/pico_printf/printf.c.obj
                0x0000000010003198                weak_raw_vprintf
 .text          0x00000000100031c8       0x10 CMakeFiles/test.dir/home/thomas/Pico/pico-sdk/src/rp2_common/pico_bit_ops/bit_ops_aeabi.S.obj
 .text.ctzsi    0x00000000100031d8        0xc CMakeFiles/test.dir/home/thomas/Pico/pico-sdk/src/rp2_common/pico_bit_ops/bit_ops_aeabi.S.obj
                0x00000000100031d8                __wrap___ctzsi2
 .text.rom_func_lookup
                0x00000000100031e4       0x10 CMakeFiles/test.dir/home/thomas/Pico/pico-sdk/src/rp2_common/pico_bootrom/bootrom.c.obj
                0x00000000100031e4                rom_func_lookup
 .text.rom_data_lookup
                0x00000000100031f4       0x10 CMakeFiles/test.dir/home/thomas/Pico/pico-sdk/src/rp2_common/pico_bootrom/bootrom.c.obj
                0x00000000100031f4                rom_data_lookup
 .text.rom_funcs_lookup
                0x0000000010003204       0x3c CMakeFiles/test.dir/home/thomas/Pico/pico-sdk/src/rp2_common/pico_bootrom/bootrom.c.obj
                0x0000000010003204                rom_funcs_lookup
 .text.__wrap___aeabi_idiv
                0x0000000010003240       0x50 CMakeFiles/test.dir/home/thomas/Pico/pico-sdk/src/rp2_common/pico_divider/divider.S.obj
                0x0000000010003240                __wrap___aeabi_idivmod
                0x0000000010003240                divmod_s32s32
                0x0000000010003240                div_s32s32
                0x0000000010003240                __wrap___aeabi_idiv
                0x0000000010003248                divmod_s32s32_unsafe
                0x0000000010003274                divmod_s32s32_savestate
 .text.__wrap___aeabi_uidiv
                0x0000000010003290       0x4c CMakeFiles/test.dir/home/thomas/Pico/pico-sdk/src/rp2_common/pico_divider/divider.S.obj
                0x0000000010003290                __wrap___aeabi_uidiv
                0x0000000010003290                __wrap___aeabi_uidivmod
                0x0000000010003290                div_u32u32
                0x0000000010003290                divmod_u32u32
                0x0000000010003298                divmod_u32u32_unsafe
                0x00000000100032c0                divmod_u32u32_savestate
 .text.__wrap___aeabi_ldiv
                0x00000000100032dc      0x434 CMakeFiles/test.dir/home/thomas/Pico/pico-sdk/src/rp2_common/pico_divider/divider.S.obj
                0x00000000100032dc                div_s64s64
                0x00000000100032dc                divmod_s64s64
                0x00000000100032dc                __wrap___aeabi_ldivmod
                0x0000000010003314                div_u64u64
                0x0000000010003314                divmod_u64u64
                0x0000000010003314                __wrap___aeabi_uldivmod
                0x0000000010003324                divmod_u64u64_savestate
                0x000000001000334c                divmod_s64s64_unsafe
                0x00000000100033d4                divmod_u64u64_unsafe
 .text.__wrap___aeabi_darithmetic
                0x0000000010003710       0x80 CMakeFiles/test.dir/home/thomas/Pico/pico-sdk/src/rp2_common/pico_double/double_aeabi.S.obj
                0x0000000010003710                __wrap___aeabi_drsub
                0x0000000010003716                __wrap___aeabi_dsub
                0x0000000010003728                __wrap___aeabi_dadd
                0x000000001000373a                __wrap___aeabi_ddiv
                0x0000000010003776                __wrap___aeabi_dmul
 .text.__wrap___aeabi_cdcmple
                0x0000000010003790       0x6c CMakeFiles/test.dir/home/thomas/Pico/pico-sdk/src/rp2_common/pico_double/double_aeabi.S.obj
                0x0000000010003790                __wrap___aeabi_cdrcmple
                0x00000000100037a0                __wrap___aeabi_cdcmple
                0x00000000100037a0                __wrap___aeabi_cdcmpeq
 .text.__wrap___aeabi_dcmplt
                0x00000000100037fc        0xc CMakeFiles/test.dir/home/thomas/Pico/pico-sdk/src/rp2_common/pico_double/double_aeabi.S.obj
                0x00000000100037fc                __wrap___aeabi_dcmplt
 .text.__wrap___aeabi_dcmple
                0x0000000010003808       0x10 CMakeFiles/test.dir/home/thomas/Pico/pico-sdk/src/rp2_common/pico_double/double_aeabi.S.obj
                0x0000000010003808                __wrap___aeabi_dcmple
 .text.__wrap___aeabi_dcmpge
                0x0000000010003818       0x10 CMakeFiles/test.dir/home/thomas/Pico/pico-sdk/src/rp2_common/pico_double/double_aeabi.S.obj
                0x0000000010003818                __wrap___aeabi_dcmpge
 .text.__wrap___aeabi_dcmpgt
                0x0000000010003828        0xa CMakeFiles/test.dir/home/thomas/Pico/pico-sdk/src/rp2_common/pico_double/double_aeabi.S.obj
                0x0000000010003828                __wrap___aeabi_dcmpgt
 .text.__wrap___aeabi_dcmpun
                0x0000000010003832       0x1c CMakeFiles/test.dir/home/thomas/Pico/pico-sdk/src/rp2_common/pico_double/double_aeabi.S.obj
                0x0000000010003832                __wrap___aeabi_dcmpun
 *fill*         0x000000001000384e        0x2 
 .text.__wrap___aeabi_i2d
                0x0000000010003850       0x38 CMakeFiles/test.dir/home/thomas/Pico/pico-sdk/src/rp2_common/pico_double/double_aeabi.S.obj
                0x0000000010003850                __wrap___aeabi_ui2d
                0x0000000010003858                __wrap___aeabi_i2d
 .text.__wrap___aeabi_d2iz
                0x0000000010003888       0x48 CMakeFiles/test.dir/home/thomas/Pico/pico-sdk/src/rp2_common/pico_double/double_aeabi.S.obj
                0x0000000010003888                __wrap___aeabi_d2iz
                0x0000000010003888                double2int_z
 .text.__wrap___aeabi_d2uiz
                0x00000000100038d0       0x18 CMakeFiles/test.dir/home/thomas/Pico/pico-sdk/src/rp2_common/pico_double/double_aeabi.S.obj
                0x00000000100038d0                double2uint
                0x00000000100038d0                __wrap___aeabi_d2uiz
 .text.__aeabi_double_init
                0x00000000100038e8       0xc0 CMakeFiles/test.dir/home/thomas/Pico/pico-sdk/src/rp2_common/pico_double/double_init_rom.c.obj
                0x00000000100038e8                __aeabi_double_init
 .text.double_table_shim_on_use_helper
                0x00000000100039a8       0x2c CMakeFiles/test.dir/home/thomas/Pico/pico-sdk/src/rp2_common/pico_double/double_v1_rom_shim.S.obj
                0x00000000100039a8                double_table_shim_on_use_helper
 .text.__wrap___aeabi_dsub
                0x00000000100039d4       0x10 CMakeFiles/test.dir/home/thomas/Pico/pico-sdk/src/rp2_common/pico_double/double_v1_rom_shim.S.obj
                0x00000000100039d4                drsub_shim
                0x00000000100039da                dsub_shim
 .text.dadd_shim
                0x00000000100039e4      0x15c CMakeFiles/test.dir/home/thomas/Pico/pico-sdk/src/rp2_common/pico_double/double_v1_rom_shim.S.obj
                0x00000000100039e4                dadd_shim
 .text.dmul_shim
                0x0000000010003b40      0x15c CMakeFiles/test.dir/home/thomas/Pico/pico-sdk/src/rp2_common/pico_double/double_v1_rom_shim.S.obj
                0x0000000010003b40                dmul_shim
 .text.ddiv_shim
                0x0000000010003c9c      0x1b0 CMakeFiles/test.dir/home/thomas/Pico/pico-sdk/src/rp2_common/pico_double/double_v1_rom_shim.S.obj
                0x0000000010003c9c                ddiv_shim
 .text.double2uint_shim
                0x0000000010003e4c        0xe CMakeFiles/test.dir/home/thomas/Pico/pico-sdk/src/rp2_common/pico_double/double_v1_rom_shim.S.obj
                0x0000000010003e4c                double2uint_shim
                0x0000000010003e4e                double2ufix_shim
 *fill*         0x0000000010003e5a        0x2 
 .text.double2uint64_shim
                0x0000000010003e5c       0x70 CMakeFiles/test.dir/home/thomas/Pico/pico-sdk/src/rp2_common/pico_double/double_v1_rom_shim.S.obj
                0x0000000010003e5c                double2uint64_shim
                0x0000000010003e5e                double2ufix64_shim
                0x0000000010003e7e                d2fix_a
 .text.dunpacks
                0x0000000010003ecc       0x3c CMakeFiles/test.dir/home/thomas/Pico/pico-sdk/src/rp2_common/pico_double/double_v1_rom_shim.S.obj
                0x0000000010003ecc                dunpacks
 .text.__aeabi_lmul
                0x0000000010003f08       0x32 CMakeFiles/test.dir/home/thomas/Pico/pico-sdk/src/rp2_common/pico_int64_ops/pico_int64_ops_aeabi.S.obj
                0x0000000010003f08                __wrap___aeabi_lmul
 *fill*         0x0000000010003f3a        0x2 
 .text.__aeabi_float_init
                0x0000000010003f3c       0x64 CMakeFiles/test.dir/home/thomas/Pico/pico-sdk/src/rp2_common/pico_float/float_init_rom.c.obj
                0x0000000010003f3c                __aeabi_float_init
 .text.float_table_shim_on_use_helper
                0x0000000010003fa0       0x2c CMakeFiles/test.dir/home/thomas/Pico/pico-sdk/src/rp2_common/pico_float/float_v1_rom_shim.S.obj
                0x0000000010003fa0                float_table_shim_on_use_helper
 .text          0x0000000010003fcc       0x10 CMakeFiles/test.dir/home/thomas/Pico/pico-sdk/src/rp2_common/pico_mem_ops/mem_ops_aeabi.S.obj
                0x0000000010003fcc                __aeabi_mem_init
 .text.memset   0x0000000010003fdc        0xc CMakeFiles/test.dir/home/thomas/Pico/pico-sdk/src/rp2_common/pico_mem_ops/mem_ops_aeabi.S.obj
                0x0000000010003fdc                __wrap_memset
 .text.memcpy   0x0000000010003fe8        0xc CMakeFiles/test.dir/home/thomas/Pico/pico-sdk/src/rp2_common/pico_mem_ops/mem_ops_aeabi.S.obj
                0x0000000010003fe8                __wrap___aeabi_memcpy
                0x0000000010003fe8                __wrap_memcpy
 .text.stdio_out_chars_no_crlf
                0x0000000010003ff4       0x10 CMakeFiles/test.dir/home/thomas/Pico/pico-sdk/src/rp2_common/pico_stdio/stdio.c.obj
 .text.stdio_out_chars_crlf
                0x0000000010004004       0x94 CMakeFiles/test.dir/home/thomas/Pico/pico-sdk/src/rp2_common/pico_stdio/stdio.c.obj
 .text.stdio_buffered_printer
                0x0000000010004098       0x64 CMakeFiles/test.dir/home/thomas/Pico/pico-sdk/src/rp2_common/pico_stdio/stdio.c.obj
 .text.stdio_put_string
                0x00000000100040fc      0x100 CMakeFiles/test.dir/home/thomas/Pico/pico-sdk/src/rp2_common/pico_stdio/stdio.c.obj
 .text.__wrap_putchar
                0x00000000100041fc       0xa4 CMakeFiles/test.dir/home/thomas/Pico/pico-sdk/src/rp2_common/pico_stdio/stdio.c.obj
                0x00000000100041fc                __wrap_putchar
 .text.__wrap_puts
                0x00000000100042a0       0x3c CMakeFiles/test.dir/home/thomas/Pico/pico-sdk/src/rp2_common/pico_stdio/stdio.c.obj
                0x00000000100042a0                __wrap_puts
 .text.stdio_set_driver_enabled
                0x00000000100042dc       0x3c CMakeFiles/test.dir/home/thomas/Pico/pico-sdk/src/rp2_common/pico_stdio/stdio.c.obj
                0x00000000100042dc                stdio_set_driver_enabled
 .text.__wrap_vprintf
                0x0000000010004318       0xd8 CMakeFiles/test.dir/home/thomas/Pico/pico-sdk/src/rp2_common/pico_stdio/stdio.c.obj
                0x0000000010004318                __wrap_vprintf
 .text.__wrap_printf
                0x00000000100043f0       0x18 CMakeFiles/test.dir/home/thomas/Pico/pico-sdk/src/rp2_common/pico_stdio/stdio.c.obj
                0x00000000100043f0                __wrap_printf
 .text.stdio_init_all
                0x0000000010004408        0x8 CMakeFiles/test.dir/home/thomas/Pico/pico-sdk/src/rp2_common/pico_stdio/stdio.c.obj
                0x0000000010004408                stdio_init_all
 .text.stdio_uart_out_chars
                0x0000000010004410       0x4c CMakeFiles/test.dir/home/thomas/Pico/pico-sdk/src/rp2_common/pico_stdio_uart/stdio_uart.c.obj
 .text.stdio_uart_in_chars
                0x000000001000445c       0x38 CMakeFiles/test.dir/home/thomas/Pico/pico-sdk/src/rp2_common/pico_stdio_uart/stdio_uart.c.obj
                0x000000001000445c                stdio_uart_in_chars
 .text.stdio_uart_init
                0x0000000010004494       0x48 CMakeFiles/test.dir/home/thomas/Pico/pico-sdk/src/rp2_common/pico_stdio_uart/stdio_uart.c.obj
                0x0000000010004494                stdio_uart_init
 .text.pio_add_program
                0x00000000100044dc       0xe4 CMakeFiles/test.dir/home/thomas/Pico/pico-sdk/src/rp2_common/hardware_pio/pio.c.obj
                0x00000000100044dc                pio_add_program
 .text.pio_sm_set_pins_with_mask
                0x00000000100045c0       0x84 CMakeFiles/test.dir/home/thomas/Pico/pico-sdk/src/rp2_common/hardware_pio/pio.c.obj
                0x00000000100045c0                pio_sm_set_pins_with_mask
 .text.pio_sm_set_pindirs_with_mask
                0x0000000010004644       0x88 CMakeFiles/test.dir/home/thomas/Pico/pico-sdk/src/rp2_common/hardware_pio/pio.c.obj
                0x0000000010004644                pio_sm_set_pindirs_with_mask
 .text.pio_sm_init
                0x00000000100046cc       0x90 CMakeFiles/test.dir/home/thomas/Pico/pico-sdk/src/rp2_common/hardware_pio/pio.c.obj
                0x00000000100046cc                pio_sm_init
 .text          0x000000001000475c       0x48 /usr/lib/gcc/arm-none-eabi/9.2.1/../../../arm-none-eabi/lib/thumb/v6-m/nofp/libc.a(lib_a-rand.o)
                0x000000001000475c                srand
                0x0000000010004770                rand
 .text          0x00000000100047a4       0x68 /usr/lib/gcc/arm-none-eabi/9.2.1/../../../arm-none-eabi/lib/thumb/v6-m/nofp/libc.a(lib_a-strlen-stub.o)
                0x00000000100047a4                strlen
 *(.fini)
 .fini          0x000000001000480c        0x4 /usr/lib/gcc/arm-none-eabi/9.2.1/thumb/v6-m/nofp/crti.o
                0x000000001000480c                _fini
 .fini.__stub   0x0000000010004810       0x50 linker stubs
 *crtbegin.o(.ctors)
 *crtbegin?.o(.ctors)
 *(EXCLUDE_FILE(*crtend.o *crtend?.o) .ctors)
 *(SORT_BY_NAME(.ctors.*))
 *(.ctors)
 *crtbegin.o(.dtors)
 *crtbegin?.o(.dtors)
 *(EXCLUDE_FILE(*crtend.o *crtend?.o) .dtors)
 *(SORT_BY_NAME(.dtors.*))
 *(.dtors)
 *(.eh_frame*)
 .eh_frame      0x0000000010004860        0x0 /usr/lib/gcc/arm-none-eabi/9.2.1/thumb/v6-m/nofp/crtbegin.o
                0x0000000010004860                . = ALIGN (0x4)

.glue_7         0x0000000010004860        0x0
 .glue_7        0x0000000010004860        0x0 linker stubs

.glue_7t        0x0000000010004860        0x0
 .glue_7t       0x0000000010004860        0x0 linker stubs

.vfp11_veneer   0x0000000010004860        0x0
 .vfp11_veneer  0x0000000010004860        0x0 linker stubs

.v4_bx          0x0000000010004860        0x0
 .v4_bx         0x0000000010004860        0x0 linker stubs

.iplt           0x0000000010004860        0x0
 .iplt          0x0000000010004860        0x0 /usr/lib/gcc/arm-none-eabi/9.2.1/thumb/v6-m/nofp/crtbegin.o

.rodata         0x0000000010004860      0x380
 *(EXCLUDE_FILE(*libm.a: *libc.a:*lib_a-mem*.o *libgcc.a:) .rodata*)
 .rodata.str1.4
                0x0000000010004860        0x8 CMakeFiles/test.dir/test.c.obj
 .rodata.main.str1.4
                0x0000000010004868       0x16 CMakeFiles/test.dir/test.c.obj
 *fill*         0x000000001000487e        0x2 
 .rodata.spi_cpha0_program
                0x0000000010004880        0x6 CMakeFiles/test.dir/test.c.obj
 *fill*         0x0000000010004886        0x2 
 .rodata.spi_cpha0_program_instructions
                0x0000000010004888        0x4 CMakeFiles/test.dir/test.c.obj
 .rodata.spi_cpha1_program
                0x000000001000488c        0x6 CMakeFiles/test.dir/test.c.obj
 *fill*         0x0000000010004892        0x2 
 .rodata.spi_cpha1_program_instructions
                0x0000000010004894        0x6 CMakeFiles/test.dir/test.c.obj
 *fill*         0x000000001000489a        0x2 
 .rodata.hardware_alarm_claim.str1.4
                0x000000001000489c       0x22 CMakeFiles/test.dir/home/thomas/Pico/pico-sdk/src/rp2_common/hardware_timer/timer.c.obj
 *fill*         0x00000000100048be        0x2 
 .rodata.panic.str1.4
                0x00000000100048c0       0x10 CMakeFiles/test.dir/home/thomas/Pico/pico-sdk/src/rp2_common/pico_runtime/runtime.c.obj
                                         0x12 (size before relaxing)
 .rodata.hard_assertion_failure.str1.4
                0x00000000100048d0        0xc CMakeFiles/test.dir/home/thomas/Pico/pico-sdk/src/rp2_common/pico_runtime/runtime.c.obj
 .rodata._ftoa.str1.4
                0x00000000100048dc       0x15 CMakeFiles/test.dir/home/thomas/Pico/pico-sdk/src/rp2_common/pico_printf/printf.c.obj
 *fill*         0x00000000100048f1        0x3 
 .rodata._vsnprintf
                0x00000000100048f4      0x1e0 CMakeFiles/test.dir/home/thomas/Pico/pico-sdk/src/rp2_common/pico_printf/printf.c.obj
 *fill*         0x0000000010004ad4        0x4 
 .rodata.pow10.5435
                0x0000000010004ad8       0x50 CMakeFiles/test.dir/home/thomas/Pico/pico-sdk/src/rp2_common/pico_printf/printf.c.obj
 .rodata.str1.4
                0x0000000010004b28       0x3c CMakeFiles/test.dir/home/thomas/Pico/pico-sdk/src/rp2_common/pico_standard_link/binary_info.c.obj
 .rodata.__bi_44
                0x0000000010004b64        0xc CMakeFiles/test.dir/home/thomas/Pico/pico-sdk/src/rp2_common/pico_standard_link/binary_info.c.obj
 .rodata.__bi_75
                0x0000000010004b70        0xc CMakeFiles/test.dir/home/thomas/Pico/pico-sdk/src/rp2_common/pico_standard_link/binary_info.c.obj
 .rodata.__bi_81
                0x0000000010004b7c        0xc CMakeFiles/test.dir/home/thomas/Pico/pico-sdk/src/rp2_common/pico_standard_link/binary_info.c.obj
 .rodata.crlf_str.6051
                0x0000000010004b88        0x2 CMakeFiles/test.dir/home/thomas/Pico/pico-sdk/src/rp2_common/pico_stdio/stdio.c.obj
 *fill*         0x0000000010004b8a        0x2 
 .rodata.str1.4
                0x0000000010004b8c       0x2c CMakeFiles/test.dir/home/thomas/Pico/pico-sdk/src/rp2_common/pico_stdio_uart/stdio_uart.c.obj
 .rodata.__bi_28.4750
                0x0000000010004bb8        0xc CMakeFiles/test.dir/home/thomas/Pico/pico-sdk/src/rp2_common/pico_stdio_uart/stdio_uart.c.obj
 .rodata.__bi_29.4754
                0x0000000010004bc4        0x8 CMakeFiles/test.dir/home/thomas/Pico/pico-sdk/src/rp2_common/pico_stdio_uart/stdio_uart.c.obj
 .rodata.pio_add_program.str1.4
                0x0000000010004bcc       0x11 CMakeFiles/test.dir/home/thomas/Pico/pico-sdk/src/rp2_common/hardware_pio/pio.c.obj
                0x0000000010004be0                . = ALIGN (0x4)
 *fill*         0x0000000010004bdd        0x3 
 *(SORT_BY_ALIGNMENT(SORT_BY_NAME(.flashdata*)))
                0x0000000010004be0                . = ALIGN (0x4)

.rel.dyn        0x0000000010004be0        0x0
 .rel.iplt      0x0000000010004be0        0x0 /usr/lib/gcc/arm-none-eabi/9.2.1/thumb/v6-m/nofp/crtbegin.o

.ARM.extab
 *(.ARM.extab* .gnu.linkonce.armextab.*)
                0x0000000010004be0                __exidx_start = .

.ARM.exidx
 *(.ARM.exidx* .gnu.linkonce.armexidx.*)
                0x0000000010004be0                __exidx_end = .
                0x0000000010004be0                . = ALIGN (0x4)
                0x0000000010004be0                __binary_info_start = .

.binary_info    0x0000000010004be0       0x24
 *(.binary_info.keep.*)
 .binary_info.keep.__bi_ptr22
                0x0000000010004be0        0x4 CMakeFiles/test.dir/home/thomas/Pico/pico-sdk/src/rp2_common/pico_standard_link/binary_info.c.obj
 .binary_info.keep.__bi_ptr30
                0x0000000010004be4        0x4 CMakeFiles/test.dir/home/thomas/Pico/pico-sdk/src/rp2_common/pico_standard_link/binary_info.c.obj
 .binary_info.keep.__bi_ptr38
                0x0000000010004be8        0x4 CMakeFiles/test.dir/home/thomas/Pico/pico-sdk/src/rp2_common/pico_standard_link/binary_info.c.obj
 .binary_info.keep.__bi_ptr44
                0x0000000010004bec        0x4 CMakeFiles/test.dir/home/thomas/Pico/pico-sdk/src/rp2_common/pico_standard_link/binary_info.c.obj
 .binary_info.keep.__bi_ptr50
                0x0000000010004bf0        0x4 CMakeFiles/test.dir/home/thomas/Pico/pico-sdk/src/rp2_common/pico_standard_link/binary_info.c.obj
 .binary_info.keep.__bi_ptr75
                0x0000000010004bf4        0x4 CMakeFiles/test.dir/home/thomas/Pico/pico-sdk/src/rp2_common/pico_standard_link/binary_info.c.obj
 .binary_info.keep.__bi_ptr81
                0x0000000010004bf8        0x4 CMakeFiles/test.dir/home/thomas/Pico/pico-sdk/src/rp2_common/pico_standard_link/binary_info.c.obj
 *(.binary_info.*)
 .binary_info.__bi_ptr28
                0x0000000010004bfc        0x4 CMakeFiles/test.dir/home/thomas/Pico/pico-sdk/src/rp2_common/pico_stdio_uart/stdio_uart.c.obj
 .binary_info.__bi_ptr29
                0x0000000010004c00        0x4 CMakeFiles/test.dir/home/thomas/Pico/pico-sdk/src/rp2_common/pico_stdio_uart/stdio_uart.c.obj
                0x0000000010004c04                __binary_info_end = .
                0x0000000010004c04                . = ALIGN (0x4)
                0x0000000010004c04                __etext = .

.ram_vector_table
                0x0000000020000000       0xc0
 *(.ram_vector_table)
 .ram_vector_table
                0x0000000020000000       0xc0 CMakeFiles/test.dir/home/thomas/Pico/pico-sdk/src/rp2_common/pico_runtime/runtime.c.obj
                0x0000000020000000                ram_vector_table

.data           0x00000000200000c0      0x5b4 load address 0x0000000010004c04
                0x00000000200000c0                __data_start__ = .
 *(vtable)
 *(.time_critical*)
 .time_critical.mutex_enter_blocking
                0x00000000200000c0       0x48 CMakeFiles/test.dir/home/thomas/Pico/pico-sdk/src/common/pico_sync/mutex.c.obj
                0x00000000200000c0                mutex_enter_blocking
 .time_critical.mutex_try_enter
                0x0000000020000108       0x48 CMakeFiles/test.dir/home/thomas/Pico/pico-sdk/src/common/pico_sync/mutex.c.obj
                0x0000000020000108                mutex_try_enter
 .time_critical.mutex_exit
                0x0000000020000150       0x28 CMakeFiles/test.dir/home/thomas/Pico/pico-sdk/src/common/pico_sync/mutex.c.obj
                0x0000000020000150                mutex_exit
 *(.text*)
 .text          0x0000000020000178        0x4 /usr/lib/gcc/arm-none-eabi/9.2.1/thumb/v6-m/nofp/libgcc.a(_dvmd_tls.o)
                0x0000000020000178                __aeabi_ldiv0
                0x0000000020000178                __aeabi_idiv0
                0x000000002000017c                . = ALIGN (0x4)
 *(.rodata*)
                0x000000002000017c                . = ALIGN (0x4)
 *(.data*)
 .data.temp.6906
                0x000000002000017c        0x2 CMakeFiles/test.dir/test.c.obj
 .data.striped_spin_lock_num
                0x000000002000017e        0x1 CMakeFiles/test.dir/home/thomas/Pico/pico-sdk/src/rp2_common/hardware_sync/sync.c.obj
 *fill*         0x000000002000017f        0x1 
 .data.default_alarm_pool
                0x0000000020000180       0x18 CMakeFiles/test.dir/home/thomas/Pico/pico-sdk/src/common/pico_time/time.c.obj
 .data.default_alarm_pool_heap
                0x0000000020000198       0x10 CMakeFiles/test.dir/home/thomas/Pico/pico-sdk/src/common/pico_time/time.c.obj
 .data          0x00000000200001a8       0x48 CMakeFiles/test.dir/home/thomas/Pico/pico-sdk/src/rp2_common/hardware_irq/irq_handler_chain.S.obj
                0x00000000200001a8                irq_handler_chain_slots
                0x00000000200001d8                irq_handler_chain_first_slot
                0x00000000200001e2                irq_handler_chain_remove_tail
 .data.aeabi_bits_funcs
                0x00000000200001f0       0x10 CMakeFiles/test.dir/home/thomas/Pico/pico-sdk/src/rp2_common/pico_bit_ops/bit_ops_aeabi.S.obj
                0x00000000200001f0                aeabi_bits_funcs
                0x0000000020000200                aeabi_bits_funcs_end
 .data.aeabi_mem_funcs
                0x0000000020000200       0x10 CMakeFiles/test.dir/home/thomas/Pico/pico-sdk/src/rp2_common/pico_mem_ops/mem_ops_aeabi.S.obj
                0x0000000020000200                aeabi_mem_funcs
                0x0000000020000210                aeabi_mem_funcs_end
 .data.stdio_uart
                0x0000000020000210       0x14 CMakeFiles/test.dir/home/thomas/Pico/pico-sdk/src/rp2_common/pico_stdio_uart/stdio_uart.c.obj
                0x0000000020000210                stdio_uart
 *fill*         0x0000000020000224        0x4 
 .data          0x0000000020000228      0x430 /usr/lib/gcc/arm-none-eabi/9.2.1/../../../arm-none-eabi/lib/thumb/v6-m/nofp/libc.a(lib_a-impure.o)
                0x0000000020000228                _impure_ptr
                0x0000000020000658                . = ALIGN (0x4)
 *(.after_data.*)
                0x0000000020000658                . = ALIGN (0x4)
                0x0000000020000658                PROVIDE (__mutex_array_start = .)
 *(SORT_BY_NAME(.mutex_array.*))
 *(.mutex_array)
 .mutex_array   0x0000000020000658        0x8 CMakeFiles/test.dir/home/thomas/Pico/pico-sdk/src/rp2_common/pico_stdio/stdio.c.obj
                0x0000000020000660                PROVIDE (__mutex_array_end = .)
                0x0000000020000660                . = ALIGN (0x4)
                0x0000000020000660                PROVIDE (__preinit_array_start = .)
 *(SORT_BY_NAME(.preinit_array.*))
 .preinit_array.00001
                0x0000000020000660        0x4 CMakeFiles/test.dir/home/thomas/Pico/pico-sdk/src/rp2_common/pico_mem_ops/mem_ops_aeabi.S.obj
 .preinit_array.00010
                0x0000000020000664        0x4 CMakeFiles/test.dir/home/thomas/Pico/pico-sdk/src/rp2_common/pico_bit_ops/bit_ops_aeabi.S.obj
 .preinit_array.00020
                0x0000000020000668        0x4 CMakeFiles/test.dir/home/thomas/Pico/pico-sdk/src/rp2_common/pico_double/double_aeabi.S.obj
 .preinit_array.00020
                0x000000002000066c        0x4 CMakeFiles/test.dir/home/thomas/Pico/pico-sdk/src/rp2_common/pico_float/float_aeabi.S.obj
 *(.preinit_array)
                0x0000000020000670                PROVIDE (__preinit_array_end = .)
                0x0000000020000670                . = ALIGN (0x4)
                0x0000000020000670                PROVIDE (__init_array_start = .)
 *(SORT_BY_NAME(.init_array.*))
 *(.init_array)
 .init_array    0x0000000020000670        0x4 /usr/lib/gcc/arm-none-eabi/9.2.1/thumb/v6-m/nofp/crtbegin.o
                0x0000000020000674                PROVIDE (__init_array_end = .)
                0x0000000020000674                . = ALIGN (0x4)
                0x0000000020000674                PROVIDE (__fini_array_start = .)
 *(SORT_BY_NAME(.fini_array.*))
 *(.fini_array)
                0x0000000020000674                PROVIDE (__fini_array_end = .)
 *(.jcr)
                0x0000000020000674                . = ALIGN (0x4)
                0x0000000020000674                __data_end__ = .

.tm_clone_table
                0x0000000020000674        0x0 load address 0x00000000100051b8
 .tm_clone_table
                0x0000000020000674        0x0 /usr/lib/gcc/arm-none-eabi/9.2.1/thumb/v6-m/nofp/crtbegin.o
 .tm_clone_table
                0x0000000020000674        0x0 /usr/lib/gcc/arm-none-eabi/9.2.1/thumb/v6-m/nofp/crtend.o

.igot.plt       0x0000000020000674        0x0 load address 0x00000000100051b8
 .igot.plt      0x0000000020000674        0x0 /usr/lib/gcc/arm-none-eabi/9.2.1/thumb/v6-m/nofp/crtbegin.o

.uninitialized_data
                0x0000000020000674        0x0 load address 0x00000000100051b8
                0x0000000020000674                . = ALIGN (0x4)
 *(.uninitialized_data*)

.scratch_x      0x0000000020040000        0x0 load address 0x00000000100051b8
                0x0000000020040000                __scratch_x_start__ = .
 *(.scratch_x.*)
                0x0000000020040000                . = ALIGN (0x4)
                0x0000000020040000                __scratch_x_end__ = .
                0x00000000100051b8                __scratch_x_source__ = LOADADDR (.scratch_x)

.scratch_y      0x0000000020041000        0x0 load address 0x00000000100051b8
                0x0000000020041000                __scratch_y_start__ = .
 *(.scratch_y.*)
                0x0000000020041000                . = ALIGN (0x4)
                0x0000000020041000                __scratch_y_end__ = .
                0x00000000100051b8                __scratch_y_source__ = LOADADDR (.scratch_y)

.bss            0x0000000020000678      0x3e0
                0x0000000020000678                . = ALIGN (0x4)
                0x0000000020000678                __bss_start__ = .
 *(SORT_BY_ALIGNMENT(SORT_BY_NAME(.bss*)))
 .bss.default_alarm_pool_entries
                0x0000000020000678      0x100 CMakeFiles/test.dir/home/thomas/Pico/pico-sdk/src/common/pico_time/time.c.obj
 .bss           0x0000000020000778       0x1c /usr/lib/gcc/arm-none-eabi/9.2.1/thumb/v6-m/nofp/crtbegin.o
 .bss._used_instruction_space
                0x0000000020000794        0x8 CMakeFiles/test.dir/home/thomas/Pico/pico-sdk/src/rp2_common/hardware_pio/pio.c.obj
 .bss.alarm_callbacks
                0x000000002000079c       0x10 CMakeFiles/test.dir/home/thomas/Pico/pico-sdk/src/rp2_common/hardware_timer/timer.c.obj
 .bss.configured_freq
                0x00000000200007ac       0x28 CMakeFiles/test.dir/home/thomas/Pico/pico-sdk/src/rp2_common/hardware_clocks/clocks.c.obj
 .bss.default_alarm_pool_entry_ids_high
                0x00000000200007d4       0x10 CMakeFiles/test.dir/home/thomas/Pico/pico-sdk/src/common/pico_time/time.c.obj
 .bss.default_alarm_pool_heap_nodes
                0x00000000200007e4       0x30 CMakeFiles/test.dir/home/thomas/Pico/pico-sdk/src/common/pico_time/time.c.obj
 .bss.drivers   0x0000000020000814        0x4 CMakeFiles/test.dir/home/thomas/Pico/pico-sdk/src/rp2_common/pico_stdio/stdio.c.obj
 .bss.filter    0x0000000020000818        0x4 CMakeFiles/test.dir/home/thomas/Pico/pico-sdk/src/rp2_common/pico_stdio/stdio.c.obj
 .bss.lazy_vsnprintf
                0x000000002000081c        0x4 CMakeFiles/test.dir/home/thomas/Pico/pico-sdk/src/rp2_common/pico_printf/printf.c.obj
 .bss.pools     0x0000000020000820       0x10 CMakeFiles/test.dir/home/thomas/Pico/pico-sdk/src/common/pico_time/time.c.obj
 .bss.sf_clz_func
                0x0000000020000830        0x4 CMakeFiles/test.dir/home/thomas/Pico/pico-sdk/src/rp2_common/pico_double/double_init_rom.c.obj
                0x0000000020000830                sf_clz_func
 .bss.sleep_notifier
                0x0000000020000834        0x4 CMakeFiles/test.dir/home/thomas/Pico/pico-sdk/src/common/pico_time/time.c.obj
 .bss.target_hi
                0x0000000020000838       0x10 CMakeFiles/test.dir/home/thomas/Pico/pico-sdk/src/rp2_common/hardware_timer/timer.c.obj
 .bss.txbuf.6913
                0x0000000020000848        0x2 CMakeFiles/test.dir/test.c.obj
 *fill*         0x000000002000084a        0x2 
 .bss.uart_instance
                0x000000002000084c        0x4 CMakeFiles/test.dir/home/thomas/Pico/pico-sdk/src/rp2_common/pico_stdio_uart/stdio_uart.c.obj
 .bss.claimed   0x0000000020000850        0x1 CMakeFiles/test.dir/home/thomas/Pico/pico-sdk/src/rp2_common/hardware_timer/timer.c.obj
 .bss.irq_hander_chain_free_slot_head
                0x0000000020000851        0x1 CMakeFiles/test.dir/home/thomas/Pico/pico-sdk/src/rp2_common/hardware_irq/irq.c.obj
 .bss.timer_callbacks_pending
                0x0000000020000852        0x1 CMakeFiles/test.dir/home/thomas/Pico/pico-sdk/src/rp2_common/hardware_timer/timer.c.obj
 *(COMMON)
 *fill*         0x0000000020000853        0x1 
 COMMON         0x0000000020000854        0x4 CMakeFiles/test.dir/home/thomas/Pico/pico-sdk/src/rp2_common/hardware_uart/uart.c.obj
                0x0000000020000854                uart_char_to_line_feed
 COMMON         0x0000000020000858      0x100 CMakeFiles/test.dir/home/thomas/Pico/pico-sdk/src/rp2_common/pico_double/double_init_rom.c.obj
                0x0000000020000858                sd_table
 COMMON         0x0000000020000958      0x100 CMakeFiles/test.dir/home/thomas/Pico/pico-sdk/src/rp2_common/pico_float/float_init_rom.c.obj
                0x0000000020000958                sf_table
                0x0000000020000a58                . = ALIGN (0x4)
                0x0000000020000a58                __bss_end__ = .

.heap           0x0000000020000a58      0x800
                0x0000000020000a58                __end__ = .
                0x0000000020000a58                end = __end__
 *(.heap*)
 .heap          0x0000000020000a58      0x800 CMakeFiles/test.dir/home/thomas/Pico/pico-sdk/src/rp2_common/pico_standard_link/crt0.S.obj
                0x0000000020001258                __HeapLimit = .

.stack1_dummy   0x0000000020040000        0x0
 *(.stack1*)

.stack_dummy    0x0000000020041000      0x800
 *(.stack*)
 .stack         0x0000000020041000      0x800 CMakeFiles/test.dir/home/thomas/Pico/pico-sdk/src/rp2_common/pico_standard_link/crt0.S.obj

.flash_end      0x00000000100051b8        0x0
                0x00000000100051b8                __flash_binary_end = .
                0x0000000020040000                __StackLimit = (ORIGIN (RAM) + LENGTH (RAM))
                0x0000000020041000                __StackOneTop = (ORIGIN (SCRATCH_X) + LENGTH (SCRATCH_X))
                0x0000000020042000                __StackTop = (ORIGIN (SCRATCH_Y) + LENGTH (SCRATCH_Y))
                0x0000000020041000                __StackOneBottom = (__StackOneTop - SIZEOF (.stack1_dummy))
                0x0000000020041800                __StackBottom = (__StackTop - SIZEOF (.stack_dummy))
                0x0000000020042000                PROVIDE (__stack = __StackTop)
                0x0000000000000001                ASSERT ((__StackLimit >= __HeapLimit), region RAM overflowed)
                0x0000000000000001                ASSERT (((__binary_info_header_end - __logical_binary_start) <= 0x100), Binary info must be in first 256 bytes of the binary)
LOAD CMakeFiles/test.dir/test.c.obj
LOAD CMakeFiles/test.dir/home/thomas/Pico/pico-sdk/src/rp2_common/pico_stdlib/stdlib.c.obj
LOAD CMakeFiles/test.dir/home/thomas/Pico/pico-sdk/src/rp2_common/hardware_gpio/gpio.c.obj
LOAD CMakeFiles/test.dir/home/thomas/Pico/pico-sdk/src/rp2_common/hardware_claim/claim.c.obj
LOAD CMakeFiles/test.dir/home/thomas/Pico/pico-sdk/src/rp2_common/pico_platform/platform.c.obj
LOAD CMakeFiles/test.dir/home/thomas/Pico/pico-sdk/src/rp2_common/hardware_sync/sync.c.obj
LOAD CMakeFiles/test.dir/home/thomas/Pico/pico-sdk/src/rp2_common/hardware_uart/uart.c.obj
LOAD CMakeFiles/test.dir/home/thomas/Pico/pico-sdk/src/rp2_common/hardware_divider/divider.S.obj
LOAD CMakeFiles/test.dir/home/thomas/Pico/pico-sdk/src/common/pico_time/time.c.obj
LOAD CMakeFiles/test.dir/home/thomas/Pico/pico-sdk/src/common/pico_time/timeout_helper.c.obj
LOAD CMakeFiles/test.dir/home/thomas/Pico/pico-sdk/src/rp2_common/hardware_timer/timer.c.obj
LOAD CMakeFiles/test.dir/home/thomas/Pico/pico-sdk/src/common/pico_sync/sem.c.obj
LOAD CMakeFiles/test.dir/home/thomas/Pico/pico-sdk/src/common/pico_sync/lock_core.c.obj
LOAD CMakeFiles/test.dir/home/thomas/Pico/pico-sdk/src/common/pico_sync/mutex.c.obj
LOAD CMakeFiles/test.dir/home/thomas/Pico/pico-sdk/src/common/pico_sync/critical_section.c.obj
LOAD CMakeFiles/test.dir/home/thomas/Pico/pico-sdk/src/common/pico_util/datetime.c.obj
LOAD CMakeFiles/test.dir/home/thomas/Pico/pico-sdk/src/common/pico_util/pheap.c.obj
LOAD CMakeFiles/test.dir/home/thomas/Pico/pico-sdk/src/common/pico_util/queue.c.obj
LOAD CMakeFiles/test.dir/home/thomas/Pico/pico-sdk/src/rp2_common/pico_runtime/runtime.c.obj
LOAD CMakeFiles/test.dir/home/thomas/Pico/pico-sdk/src/rp2_common/hardware_clocks/clocks.c.obj
LOAD CMakeFiles/test.dir/home/thomas/Pico/pico-sdk/src/rp2_common/hardware_irq/irq.c.obj
LOAD CMakeFiles/test.dir/home/thomas/Pico/pico-sdk/src/rp2_common/hardware_irq/irq_handler_chain.S.obj
LOAD CMakeFiles/test.dir/home/thomas/Pico/pico-sdk/src/rp2_common/hardware_pll/pll.c.obj
LOAD CMakeFiles/test.dir/home/thomas/Pico/pico-sdk/src/rp2_common/hardware_vreg/vreg.c.obj
LOAD CMakeFiles/test.dir/home/thomas/Pico/pico-sdk/src/rp2_common/hardware_watchdog/watchdog.c.obj
LOAD CMakeFiles/test.dir/home/thomas/Pico/pico-sdk/src/rp2_common/hardware_xosc/xosc.c.obj
LOAD CMakeFiles/test.dir/home/thomas/Pico/pico-sdk/src/rp2_common/pico_printf/printf.c.obj
LOAD CMakeFiles/test.dir/home/thomas/Pico/pico-sdk/src/rp2_common/pico_bit_ops/bit_ops_aeabi.S.obj
LOAD CMakeFiles/test.dir/home/thomas/Pico/pico-sdk/src/rp2_common/pico_bootrom/bootrom.c.obj
LOAD CMakeFiles/test.dir/home/thomas/Pico/pico-sdk/src/rp2_common/pico_divider/divider.S.obj
LOAD CMakeFiles/test.dir/home/thomas/Pico/pico-sdk/src/rp2_common/pico_double/double_aeabi.S.obj
LOAD CMakeFiles/test.dir/home/thomas/Pico/pico-sdk/src/rp2_common/pico_double/double_init_rom.c.obj
LOAD CMakeFiles/test.dir/home/thomas/Pico/pico-sdk/src/rp2_common/pico_double/double_math.c.obj
LOAD CMakeFiles/test.dir/home/thomas/Pico/pico-sdk/src/rp2_common/pico_double/double_v1_rom_shim.S.obj
LOAD CMakeFiles/test.dir/home/thomas/Pico/pico-sdk/src/rp2_common/pico_int64_ops/pico_int64_ops_aeabi.S.obj
LOAD CMakeFiles/test.dir/home/thomas/Pico/pico-sdk/src/rp2_common/pico_float/float_aeabi.S.obj
LOAD CMakeFiles/test.dir/home/thomas/Pico/pico-sdk/src/rp2_common/pico_float/float_init_rom.c.obj
LOAD CMakeFiles/test.dir/home/thomas/Pico/pico-sdk/src/rp2_common/pico_float/float_math.c.obj
LOAD CMakeFiles/test.dir/home/thomas/Pico/pico-sdk/src/rp2_common/pico_float/float_v1_rom_shim.S.obj
LOAD CMakeFiles/test.dir/home/thomas/Pico/pico-sdk/src/rp2_common/pico_malloc/pico_malloc.c.obj
LOAD CMakeFiles/test.dir/home/thomas/Pico/pico-sdk/src/rp2_common/pico_mem_ops/mem_ops_aeabi.S.obj
LOAD CMakeFiles/test.dir/home/thomas/Pico/pico-sdk/src/rp2_common/pico_standard_link/crt0.S.obj
LOAD CMakeFiles/test.dir/home/thomas/Pico/pico-sdk/src/rp2_common/pico_standard_link/new_delete.cpp.obj
LOAD CMakeFiles/test.dir/home/thomas/Pico/pico-sdk/src/rp2_common/pico_standard_link/binary_info.c.obj
LOAD CMakeFiles/test.dir/home/thomas/Pico/pico-sdk/src/rp2_common/pico_stdio/stdio.c.obj
LOAD CMakeFiles/test.dir/home/thomas/Pico/pico-sdk/src/rp2_common/pico_stdio_uart/stdio_uart.c.obj
LOAD CMakeFiles/test.dir/home/thomas/Pico/pico-sdk/src/rp2_common/hardware_pio/pio.c.obj
LOAD /tmp/ccRnLRxQ.o
LOAD /usr/lib/gcc/arm-none-eabi/9.2.1/../../../arm-none-eabi/lib/thumb/v6-m/nofp/libstdc++.a
LOAD /usr/lib/gcc/arm-none-eabi/9.2.1/../../../arm-none-eabi/lib/thumb/v6-m/nofp/libm.a
START GROUP
LOAD /usr/lib/gcc/arm-none-eabi/9.2.1/thumb/v6-m/nofp/libgcc.a
LOAD /usr/lib/gcc/arm-none-eabi/9.2.1/../../../arm-none-eabi/lib/thumb/v6-m/nofp/libc.a
END GROUP
START GROUP
LOAD /usr/lib/gcc/arm-none-eabi/9.2.1/thumb/v6-m/nofp/libgcc.a
LOAD /usr/lib/gcc/arm-none-eabi/9.2.1/../../../arm-none-eabi/lib/thumb/v6-m/nofp/libc.a
LOAD /usr/lib/gcc/arm-none-eabi/9.2.1/../../../arm-none-eabi/lib/thumb/v6-m/nofp/libnosys.a
END GROUP
LOAD /usr/lib/gcc/arm-none-eabi/9.2.1/thumb/v6-m/nofp/crtend.o
LOAD /usr/lib/gcc/arm-none-eabi/9.2.1/thumb/v6-m/nofp/crtn.o
OUTPUT(test.elf elf32-littlearm)
LOAD linker stubs

.ARM.attributes
                0x0000000000000000       0x28
 .ARM.attributes
                0x0000000000000000       0x1e /usr/lib/gcc/arm-none-eabi/9.2.1/thumb/v6-m/nofp/crti.o
 .ARM.attributes
                0x000000000000001e       0x2c /usr/lib/gcc/arm-none-eabi/9.2.1/thumb/v6-m/nofp/crtbegin.o
 .ARM.attributes
                0x000000000000004a       0x2c CMakeFiles/test.dir/test.c.obj
 .ARM.attributes
                0x0000000000000076       0x2c CMakeFiles/test.dir/home/thomas/Pico/pico-sdk/src/rp2_common/hardware_gpio/gpio.c.obj
 .ARM.attributes
                0x00000000000000a2       0x2c CMakeFiles/test.dir/home/thomas/Pico/pico-sdk/src/rp2_common/hardware_claim/claim.c.obj
 .ARM.attributes
                0x00000000000000ce       0x2c CMakeFiles/test.dir/home/thomas/Pico/pico-sdk/src/rp2_common/pico_platform/platform.c.obj
 .ARM.attributes
                0x00000000000000fa       0x2c CMakeFiles/test.dir/home/thomas/Pico/pico-sdk/src/rp2_common/hardware_sync/sync.c.obj
 .ARM.attributes
                0x0000000000000126       0x2c CMakeFiles/test.dir/home/thomas/Pico/pico-sdk/src/rp2_common/hardware_uart/uart.c.obj
 .ARM.attributes
                0x0000000000000152       0x2c CMakeFiles/test.dir/home/thomas/Pico/pico-sdk/src/common/pico_time/time.c.obj
 .ARM.attributes
                0x000000000000017e       0x2c CMakeFiles/test.dir/home/thomas/Pico/pico-sdk/src/rp2_common/hardware_timer/timer.c.obj
 .ARM.attributes
                0x00000000000001aa       0x2c CMakeFiles/test.dir/home/thomas/Pico/pico-sdk/src/common/pico_sync/lock_core.c.obj
 .ARM.attributes
                0x00000000000001d6       0x2c CMakeFiles/test.dir/home/thomas/Pico/pico-sdk/src/common/pico_sync/mutex.c.obj
 .ARM.attributes
                0x0000000000000202       0x2c CMakeFiles/test.dir/home/thomas/Pico/pico-sdk/src/common/pico_util/pheap.c.obj
 .ARM.attributes
                0x000000000000022e       0x2c CMakeFiles/test.dir/home/thomas/Pico/pico-sdk/src/rp2_common/pico_runtime/runtime.c.obj
 .ARM.attributes
                0x000000000000025a       0x2c CMakeFiles/test.dir/home/thomas/Pico/pico-sdk/src/rp2_common/hardware_clocks/clocks.c.obj
 .ARM.attributes
                0x0000000000000286       0x2c CMakeFiles/test.dir/home/thomas/Pico/pico-sdk/src/rp2_common/hardware_irq/irq.c.obj
 .ARM.attributes
                0x00000000000002b2       0x22 CMakeFiles/test.dir/home/thomas/Pico/pico-sdk/src/rp2_common/hardware_irq/irq_handler_chain.S.obj
 .ARM.attributes
                0x00000000000002d4       0x2c CMakeFiles/test.dir/home/thomas/Pico/pico-sdk/src/rp2_common/hardware_pll/pll.c.obj
 .ARM.attributes
                0x0000000000000300       0x2c CMakeFiles/test.dir/home/thomas/Pico/pico-sdk/src/rp2_common/hardware_watchdog/watchdog.c.obj
 .ARM.attributes
                0x000000000000032c       0x2c CMakeFiles/test.dir/home/thomas/Pico/pico-sdk/src/rp2_common/hardware_xosc/xosc.c.obj
 .ARM.attributes
                0x0000000000000358       0x2c CMakeFiles/test.dir/home/thomas/Pico/pico-sdk/src/rp2_common/pico_printf/printf.c.obj
 .ARM.attributes
                0x0000000000000384       0x22 CMakeFiles/test.dir/home/thomas/Pico/pico-sdk/src/rp2_common/pico_bit_ops/bit_ops_aeabi.S.obj
 .ARM.attributes
                0x00000000000003a6       0x2c CMakeFiles/test.dir/home/thomas/Pico/pico-sdk/src/rp2_common/pico_bootrom/bootrom.c.obj
 .ARM.attributes
                0x00000000000003d2       0x22 CMakeFiles/test.dir/home/thomas/Pico/pico-sdk/src/rp2_common/pico_divider/divider.S.obj
 .ARM.attributes
                0x00000000000003f4       0x22 CMakeFiles/test.dir/home/thomas/Pico/pico-sdk/src/rp2_common/pico_double/double_aeabi.S.obj
 .ARM.attributes
                0x0000000000000416       0x2c CMakeFiles/test.dir/home/thomas/Pico/pico-sdk/src/rp2_common/pico_double/double_init_rom.c.obj
 .ARM.attributes
                0x0000000000000442       0x22 CMakeFiles/test.dir/home/thomas/Pico/pico-sdk/src/rp2_common/pico_double/double_v1_rom_shim.S.obj
 .ARM.attributes
                0x0000000000000464       0x22 CMakeFiles/test.dir/home/thomas/Pico/pico-sdk/src/rp2_common/pico_int64_ops/pico_int64_ops_aeabi.S.obj
 .ARM.attributes
                0x0000000000000486       0x22 CMakeFiles/test.dir/home/thomas/Pico/pico-sdk/src/rp2_common/pico_float/float_aeabi.S.obj
 .ARM.attributes
                0x00000000000004a8       0x2c CMakeFiles/test.dir/home/thomas/Pico/pico-sdk/src/rp2_common/pico_float/float_init_rom.c.obj
 .ARM.attributes
                0x00000000000004d4       0x22 CMakeFiles/test.dir/home/thomas/Pico/pico-sdk/src/rp2_common/pico_float/float_v1_rom_shim.S.obj
 .ARM.attributes
                0x00000000000004f6       0x22 CMakeFiles/test.dir/home/thomas/Pico/pico-sdk/src/rp2_common/pico_mem_ops/mem_ops_aeabi.S.obj
 .ARM.attributes
                0x0000000000000518       0x22 CMakeFiles/test.dir/home/thomas/Pico/pico-sdk/src/rp2_common/pico_standard_link/crt0.S.obj
 .ARM.attributes
                0x000000000000053a       0x32 CMakeFiles/test.dir/home/thomas/Pico/pico-sdk/src/rp2_common/pico_standard_link/binary_info.c.obj
 .ARM.attributes
                0x000000000000056c       0x2c CMakeFiles/test.dir/home/thomas/Pico/pico-sdk/src/rp2_common/pico_stdio/stdio.c.obj
 .ARM.attributes
                0x0000000000000598       0x2c CMakeFiles/test.dir/home/thomas/Pico/pico-sdk/src/rp2_common/pico_stdio_uart/stdio_uart.c.obj
 .ARM.attributes
                0x00000000000005c4       0x2c CMakeFiles/test.dir/home/thomas/Pico/pico-sdk/src/rp2_common/hardware_pio/pio.c.obj
 .ARM.attributes
                0x00000000000005f0       0x22 /tmp/ccRnLRxQ.o
 .ARM.attributes
                0x0000000000000612       0x1e /usr/lib/gcc/arm-none-eabi/9.2.1/thumb/v6-m/nofp/libgcc.a(_dvmd_tls.o)
 .ARM.attributes
                0x0000000000000630       0x2c /usr/lib/gcc/arm-none-eabi/9.2.1/../../../arm-none-eabi/lib/thumb/v6-m/nofp/libc.a(lib_a-impure.o)
 .ARM.attributes
                0x000000000000065c       0x2c /usr/lib/gcc/arm-none-eabi/9.2.1/../../../arm-none-eabi/lib/thumb/v6-m/nofp/libc.a(lib_a-rand.o)
 .ARM.attributes
                0x0000000000000688       0x2c /usr/lib/gcc/arm-none-eabi/9.2.1/../../../arm-none-eabi/lib/thumb/v6-m/nofp/libc.a(lib_a-strlen-stub.o)
 .ARM.attributes
                0x00000000000006b4       0x2c /usr/lib/gcc/arm-none-eabi/9.2.1/thumb/v6-m/nofp/crtend.o

.comment        0x0000000000000000       0xa7
 .comment       0x0000000000000000       0x59 /usr/lib/gcc/arm-none-eabi/9.2.1/thumb/v6-m/nofp/crtbegin.o
                                         0x5a (size before relaxing)
 .comment       0x0000000000000059       0x5a CMakeFiles/test.dir/test.c.obj
 .comment       0x0000000000000059       0x5a CMakeFiles/test.dir/home/thomas/Pico/pico-sdk/src/rp2_common/hardware_gpio/gpio.c.obj
 .comment       0x0000000000000059       0x5a CMakeFiles/test.dir/home/thomas/Pico/pico-sdk/src/rp2_common/hardware_claim/claim.c.obj
 .comment       0x0000000000000059       0x5a CMakeFiles/test.dir/home/thomas/Pico/pico-sdk/src/rp2_common/pico_platform/platform.c.obj
 .comment       0x0000000000000059       0x5a CMakeFiles/test.dir/home/thomas/Pico/pico-sdk/src/rp2_common/hardware_sync/sync.c.obj
 .comment       0x0000000000000059       0x5a CMakeFiles/test.dir/home/thomas/Pico/pico-sdk/src/rp2_common/hardware_uart/uart.c.obj
 .comment       0x0000000000000059       0x5a CMakeFiles/test.dir/home/thomas/Pico/pico-sdk/src/common/pico_time/time.c.obj
 .comment       0x0000000000000059       0x5a CMakeFiles/test.dir/home/thomas/Pico/pico-sdk/src/rp2_common/hardware_timer/timer.c.obj
 .comment       0x0000000000000059       0x5a CMakeFiles/test.dir/home/thomas/Pico/pico-sdk/src/common/pico_sync/lock_core.c.obj
 .comment       0x0000000000000059       0x5a CMakeFiles/test.dir/home/thomas/Pico/pico-sdk/src/common/pico_sync/mutex.c.obj
 .comment       0x0000000000000059       0x5a CMakeFiles/test.dir/home/thomas/Pico/pico-sdk/src/common/pico_util/pheap.c.obj
 .comment       0x0000000000000059       0x5a CMakeFiles/test.dir/home/thomas/Pico/pico-sdk/src/rp2_common/pico_runtime/runtime.c.obj
 .comment       0x0000000000000059       0x5a CMakeFiles/test.dir/home/thomas/Pico/pico-sdk/src/rp2_common/hardware_clocks/clocks.c.obj
 .comment       0x0000000000000059       0x5a CMakeFiles/test.dir/home/thomas/Pico/pico-sdk/src/rp2_common/hardware_irq/irq.c.obj
 .comment       0x0000000000000059       0x5a CMakeFiles/test.dir/home/thomas/Pico/pico-sdk/src/rp2_common/hardware_pll/pll.c.obj
 .comment       0x0000000000000059       0x5a CMakeFiles/test.dir/home/thomas/Pico/pico-sdk/src/rp2_common/hardware_watchdog/watchdog.c.obj
 .comment       0x0000000000000059       0x5a CMakeFiles/test.dir/home/thomas/Pico/pico-sdk/src/rp2_common/hardware_xosc/xosc.c.obj
 .comment       0x0000000000000059       0x5a CMakeFiles/test.dir/home/thomas/Pico/pico-sdk/src/rp2_common/pico_printf/printf.c.obj
 .comment       0x0000000000000059       0x5a CMakeFiles/test.dir/home/thomas/Pico/pico-sdk/src/rp2_common/pico_bootrom/bootrom.c.obj
 .comment       0x0000000000000059       0x5a CMakeFiles/test.dir/home/thomas/Pico/pico-sdk/src/rp2_common/pico_double/double_init_rom.c.obj
 .comment       0x0000000000000059       0x5a CMakeFiles/test.dir/home/thomas/Pico/pico-sdk/src/rp2_common/pico_float/float_init_rom.c.obj
 .comment       0x0000000000000059       0x5a CMakeFiles/test.dir/home/thomas/Pico/pico-sdk/src/rp2_common/pico_standard_link/binary_info.c.obj
 .comment       0x0000000000000059       0x5a CMakeFiles/test.dir/home/thomas/Pico/pico-sdk/src/rp2_common/pico_stdio/stdio.c.obj
 .comment       0x0000000000000059       0x5a CMakeFiles/test.dir/home/thomas/Pico/pico-sdk/src/rp2_common/pico_stdio_uart/stdio_uart.c.obj
 .comment       0x0000000000000059       0x5a CMakeFiles/test.dir/home/thomas/Pico/pico-sdk/src/rp2_common/hardware_pio/pio.c.obj
 .comment       0x0000000000000059       0x4e /usr/lib/gcc/arm-none-eabi/9.2.1/../../../arm-none-eabi/lib/thumb/v6-m/nofp/libc.a(lib_a-impure.o)
                                         0x4f (size before relaxing)
 .comment       0x00000000000000a7       0x4f /usr/lib/gcc/arm-none-eabi/9.2.1/../../../arm-none-eabi/lib/thumb/v6-m/nofp/libc.a(lib_a-rand.o)
 .comment       0x00000000000000a7       0x4f /usr/lib/gcc/arm-none-eabi/9.2.1/../../../arm-none-eabi/lib/thumb/v6-m/nofp/libc.a(lib_a-strlen-stub.o)
 .comment       0x00000000000000a7       0x5a /usr/lib/gcc/arm-none-eabi/9.2.1/thumb/v6-m/nofp/crtend.o

.debug_line     0x0000000000000000      0x485
 .debug_line    0x0000000000000000       0x60 /usr/lib/gcc/arm-none-eabi/9.2.1/thumb/v6-m/nofp/libgcc.a(_dvmd_tls.o)
 .debug_line    0x0000000000000060       0xe3 /usr/lib/gcc/arm-none-eabi/9.2.1/../../../arm-none-eabi/lib/thumb/v6-m/nofp/libc.a(lib_a-impure.o)
 .debug_line    0x0000000000000143      0x180 /usr/lib/gcc/arm-none-eabi/9.2.1/../../../arm-none-eabi/lib/thumb/v6-m/nofp/libc.a(lib_a-rand.o)
 .debug_line    0x00000000000002c3      0x1c2 /usr/lib/gcc/arm-none-eabi/9.2.1/../../../arm-none-eabi/lib/thumb/v6-m/nofp/libc.a(lib_a-strlen-stub.o)

.debug_info     0x0000000000000000     0x1c3d
 .debug_info    0x0000000000000000       0x26 /usr/lib/gcc/arm-none-eabi/9.2.1/thumb/v6-m/nofp/libgcc.a(_dvmd_tls.o)
 .debug_info    0x0000000000000026      0x92a /usr/lib/gcc/arm-none-eabi/9.2.1/../../../arm-none-eabi/lib/thumb/v6-m/nofp/libc.a(lib_a-impure.o)
 .debug_info    0x0000000000000950      0x97a /usr/lib/gcc/arm-none-eabi/9.2.1/../../../arm-none-eabi/lib/thumb/v6-m/nofp/libc.a(lib_a-rand.o)
 .debug_info    0x00000000000012ca      0x973 /usr/lib/gcc/arm-none-eabi/9.2.1/../../../arm-none-eabi/lib/thumb/v6-m/nofp/libc.a(lib_a-strlen-stub.o)

.debug_abbrev   0x0000000000000000      0x5c6
 .debug_abbrev  0x0000000000000000       0x14 /usr/lib/gcc/arm-none-eabi/9.2.1/thumb/v6-m/nofp/libgcc.a(_dvmd_tls.o)
 .debug_abbrev  0x0000000000000014      0x1b8 /usr/lib/gcc/arm-none-eabi/9.2.1/../../../arm-none-eabi/lib/thumb/v6-m/nofp/libc.a(lib_a-impure.o)
 .debug_abbrev  0x00000000000001cc      0x212 /usr/lib/gcc/arm-none-eabi/9.2.1/../../../arm-none-eabi/lib/thumb/v6-m/nofp/libc.a(lib_a-rand.o)
 .debug_abbrev  0x00000000000003de      0x1e8 /usr/lib/gcc/arm-none-eabi/9.2.1/../../../arm-none-eabi/lib/thumb/v6-m/nofp/libc.a(lib_a-strlen-stub.o)

.debug_aranges  0x0000000000000000       0x78
 .debug_aranges
                0x0000000000000000       0x20 /usr/lib/gcc/arm-none-eabi/9.2.1/thumb/v6-m/nofp/libgcc.a(_dvmd_tls.o)
 .debug_aranges
                0x0000000000000020       0x18 /usr/lib/gcc/arm-none-eabi/9.2.1/../../../arm-none-eabi/lib/thumb/v6-m/nofp/libc.a(lib_a-impure.o)
 .debug_aranges
                0x0000000000000038       0x20 /usr/lib/gcc/arm-none-eabi/9.2.1/../../../arm-none-eabi/lib/thumb/v6-m/nofp/libc.a(lib_a-rand.o)
 .debug_aranges
                0x0000000000000058       0x20 /usr/lib/gcc/arm-none-eabi/9.2.1/../../../arm-none-eabi/lib/thumb/v6-m/nofp/libc.a(lib_a-strlen-stub.o)

.debug_str      0x0000000000000000      0x73f
 .debug_str     0x0000000000000000       0xa3 /usr/lib/gcc/arm-none-eabi/9.2.1/thumb/v6-m/nofp/libgcc.a(_dvmd_tls.o)
 .debug_str     0x00000000000000a3      0x541 /usr/lib/gcc/arm-none-eabi/9.2.1/../../../arm-none-eabi/lib/thumb/v6-m/nofp/libc.a(lib_a-impure.o)
                                        0x599 (size before relaxing)
 .debug_str     0x00000000000005e4       0x9b /usr/lib/gcc/arm-none-eabi/9.2.1/../../../arm-none-eabi/lib/thumb/v6-m/nofp/libc.a(lib_a-rand.o)
                                        0x5ad (size before relaxing)
 .debug_str     0x000000000000067f       0xc0 /usr/lib/gcc/arm-none-eabi/9.2.1/../../../arm-none-eabi/lib/thumb/v6-m/nofp/libc.a(lib_a-strlen-stub.o)
                                        0x5c2 (size before relaxing)

.debug_loc      0x0000000000000000       0xf9
 .debug_loc     0x0000000000000000       0x56 /usr/lib/gcc/arm-none-eabi/9.2.1/../../../arm-none-eabi/lib/thumb/v6-m/nofp/libc.a(lib_a-rand.o)
 .debug_loc     0x0000000000000056       0xa3 /usr/lib/gcc/arm-none-eabi/9.2.1/../../../arm-none-eabi/lib/thumb/v6-m/nofp/libc.a(lib_a-strlen-stub.o)

.debug_frame    0x0000000000000000       0x60
 .debug_frame   0x0000000000000000       0x38 /usr/lib/gcc/arm-none-eabi/9.2.1/../../../arm-none-eabi/lib/thumb/v6-m/nofp/libc.a(lib_a-rand.o)
 .debug_frame   0x0000000000000038       0x28 /usr/lib/gcc/arm-none-eabi/9.2.1/../../../arm-none-eabi/lib/thumb/v6-m/nofp/libc.a(lib_a-strlen-stub.o)
